\BOOKMARK [1][-]{section.1}{\376\377\000I\000n\000t\000r\000o\000d\000u\000c\000t\000i\000o\000n}{}% 1
\BOOKMARK [2][-]{subsection.1.1}{\376\377\000M\000o\000t\000i\000v\000a\000t\000i\000o\000n}{section.1}% 2
\BOOKMARK [2][-]{subsection.1.2}{\376\377\000P\000r\000o\000b\000l\000e\000m\000\040\000S\000t\000a\000t\000e\000m\000e\000n\000t}{section.1}% 3
\BOOKMARK [2][-]{subsection.1.3}{\376\377\000P\000r\000o\000j\000e\000c\000t\000\040\000O\000b\000j\000e\000c\000t\000i\000v\000e\000s}{section.1}% 4
\BOOKMARK [2][-]{subsection.1.4}{\376\377\000C\000o\000n\000t\000r\000i\000b\000u\000t\000i\000o\000n\000s\000\040\000o\000f\000\040\000T\000h\000i\000s\000\040\000R\000e\000p\000o\000r\000t}{section.1}% 5
\BOOKMARK [1][-]{section.2}{\376\377\000R\000e\000p\000o\000r\000t\000\040\000C\000o\000n\000v\000e\000n\000t\000i\000o\000n\000s\000\040\000a\000n\000d\000\040\000N\000o\000t\000a\000t\000i\000o\000n}{}% 6
\BOOKMARK [2][-]{subsection.2.1}{\376\377\000G\000e\000n\000e\000r\000a\000l\000\040\000S\000y\000m\000b\000o\000l\000s}{section.2}% 7
\BOOKMARK [2][-]{subsection.2.2}{\376\377\000D\000a\000t\000a\000s\000e\000t\000\040\000a\000n\000d\000\040\000S\000p\000l\000i\000t\000\040\000S\000y\000m\000b\000o\000l\000s}{section.2}% 8
\BOOKMARK [2][-]{subsection.2.3}{\376\377\000F\000u\000n\000c\000t\000i\000o\000n\000\040\000N\000o\000t\000a\000t\000i\000o\000n}{section.2}% 9
\BOOKMARK [1][-]{section.3}{\376\377\000P\000r\000o\000j\000e\000c\000t\000\040\000O\000r\000g\000a\000n\000i\000z\000a\000t\000i\000o\000n\000\040\000a\000n\000d\000\040\000I\000n\000t\000e\000g\000r\000a\000t\000i\000o\000n\000\040\000E\000v\000i\000d\000e\000n\000c\000e}{}% 10
\BOOKMARK [2][-]{subsection.3.1}{\376\377\000B\000r\000a\000n\000c\000h\000\040\000C\000o\000n\000s\000o\000l\000i\000d\000a\000t\000i\000o\000n}{section.3}% 11
\BOOKMARK [2][-]{subsection.3.2}{\376\377\000M\000e\000r\000g\000e\000\040\000G\000o\000v\000e\000r\000n\000a\000n\000c\000e}{section.3}% 12
\BOOKMARK [2][-]{subsection.3.3}{\376\377\000I\000n\000t\000e\000g\000r\000a\000t\000e\000d\000\040\000A\000r\000t\000i\000f\000a\000c\000t\000\040\000S\000e\000t}{section.3}% 13
\BOOKMARK [1][-]{section.4}{\376\377\000D\000a\000t\000a\000,\000\040\000P\000r\000e\000p\000r\000o\000c\000e\000s\000s\000i\000n\000g\000,\000\040\000a\000n\000d\000\040\000E\000x\000p\000e\000r\000i\000m\000e\000n\000t\000a\000l\000\040\000P\000r\000o\000t\000o\000c\000o\000l}{}% 14
\BOOKMARK [2][-]{subsection.4.1}{\376\377\000D\000a\000t\000a\000s\000e\000t\000:\000\040\000F\000E\000R\0002\0000\0001\0003}{section.4}% 15
\BOOKMARK [3][-]{subsubsection.4.1.1}{\376\377\000D\000a\000t\000a\000s\000e\000t\000\040\000S\000t\000a\000t\000i\000s\000t\000i\000c\000s}{subsection.4.1}% 16
\BOOKMARK [3][-]{subsubsection.4.1.2}{\376\377\000C\000l\000a\000s\000s\000\040\000D\000i\000s\000t\000r\000i\000b\000u\000t\000i\000o\000n}{subsection.4.1}% 17
\BOOKMARK [3][-]{subsubsection.4.1.3}{\376\377\000D\000a\000t\000a\000s\000e\000t\000\040\000O\000r\000g\000a\000n\000i\000z\000a\000t\000i\000o\000n}{subsection.4.1}% 18
\BOOKMARK [2][-]{subsection.4.2}{\376\377\000P\000r\000e\000p\000r\000o\000c\000e\000s\000s\000i\000n\000g\000\040\000P\000i\000p\000e\000l\000i\000n\000e}{section.4}% 19
\BOOKMARK [2][-]{subsection.4.3}{\376\377\000E\000v\000a\000l\000u\000a\000t\000i\000o\000n\000\040\000M\000e\000t\000r\000i\000c\000s}{section.4}% 20
\BOOKMARK [2][-]{subsection.4.4}{\376\377\000E\000v\000i\000d\000e\000n\000c\000e\000\040\000C\000l\000a\000s\000s\000i\000f\000i\000c\000a\000t\000i\000o\000n}{section.4}% 21
\BOOKMARK [1][-]{section.5}{\376\377\000M\000e\000t\000h\000o\000d\000s}{}% 22
\BOOKMARK [2][-]{subsection.5.1}{\376\377\000H\000O\000G\000\040\000p\000l\000u\000s\000\040\000S\000V\000M\000\040\000B\000a\000s\000e\000l\000i\000n\000e}{section.5}% 23
\BOOKMARK [3][-]{subsubsection.5.1.1}{\376\377\000H\000O\000G\000\040\000F\000e\000a\000t\000u\000r\000e\000\040\000E\000x\000t\000r\000a\000c\000t\000i\000o\000n}{subsection.5.1}% 24
\BOOKMARK [3][-]{subsubsection.5.1.2}{\376\377\000S\000V\000M\000\040\000C\000o\000n\000f\000i\000g\000u\000r\000a\000t\000i\000o\000n}{subsection.5.1}% 25
\BOOKMARK [3][-]{subsubsection.5.1.3}{\376\377\000S\000V\000M\000\040\000C\000o\000n\000f\000i\000g\000u\000r\000a\000t\000i\000o\000n}{subsection.5.1}% 26
\BOOKMARK [2][-]{subsection.5.2}{\376\377\000S\000i\000m\000p\000l\000e\000C\000N\000N\000\040\000B\000a\000s\000e\000l\000i\000n\000e}{section.5}% 27
\BOOKMARK [3][-]{subsubsection.5.2.1}{\376\377\000A\000r\000c\000h\000i\000t\000e\000c\000t\000u\000r\000e\000\040\000D\000e\000t\000a\000i\000l\000s}{subsection.5.2}% 28
\BOOKMARK [2][-]{subsection.5.3}{\376\377\000L\000i\000t\000e\000C\000N\000N\000\040\000P\000r\000o\000p\000o\000s\000e\000d\000\040\000M\000o\000d\000e\000l}{section.5}% 29
\BOOKMARK [3][-]{subsubsection.5.3.1}{\376\377\000A\000r\000c\000h\000i\000t\000e\000c\000t\000u\000r\000e\000\040\000D\000e\000t\000a\000i\000l\000s}{subsection.5.3}% 30
\BOOKMARK [3][-]{subsubsection.5.3.2}{\376\377\000K\000e\000y\000\040\000I\000n\000n\000o\000v\000a\000t\000i\000o\000n\000s}{subsection.5.3}% 31
\BOOKMARK [2][-]{subsection.5.4}{\376\377\000C\000L\000C\000M\000\040\000R\000e\000p\000l\000i\000c\000a\000t\000i\000o\000n\000\040\000B\000a\000s\000e\000l\000i\000n\000e}{section.5}% 32
\BOOKMARK [3][-]{subsubsection.5.4.1}{\376\377\000A\000r\000c\000h\000i\000t\000e\000c\000t\000u\000r\000e\000\040\000D\000e\000t\000a\000i\000l\000s}{subsection.5.4}% 33
\BOOKMARK [1][-]{section.6}{\376\377\000S\000y\000s\000t\000e\000m\000\040\000I\000n\000t\000e\000g\000r\000a\000t\000i\000o\000n\000\040\000a\000n\000d\000\040\000D\000e\000m\000o\000\040\000A\000r\000c\000h\000i\000t\000e\000c\000t\000u\000r\000e}{}% 34
\BOOKMARK [2][-]{subsection.6.1}{\376\377\000U\000n\000i\000f\000i\000e\000d\000\040\000A\000d\000a\000p\000t\000e\000r\000\040\000C\000o\000n\000t\000r\000a\000c\000t}{section.6}% 35
\BOOKMARK [2][-]{subsection.6.2}{\376\377\000I\000n\000p\000u\000t\000\040\000M\000o\000d\000e\000s}{section.6}% 36
\BOOKMARK [2][-]{subsection.6.3}{\376\377\000I\000n\000t\000e\000l\000l\000i\000g\000e\000n\000t\000\040\000S\000a\000m\000p\000l\000i\000n\000g\000\040\000f\000o\000r\000\040\000L\000i\000v\000e\000\040\000I\000n\000f\000e\000r\000e\000n\000c\000e}{section.6}% 37
\BOOKMARK [1][-]{section.7}{\376\377\000W\000e\000b\000\040\000A\000p\000p\000l\000i\000c\000a\000t\000i\000o\000n\000\040\000A\000r\000c\000h\000i\000t\000e\000c\000t\000u\000r\000e\000\040\000a\000n\000d\000\040\000D\000e\000p\000l\000o\000y\000m\000e\000n\000t\000\040\000I\000n\000t\000e\000r\000f\000a\000c\000e}{}% 38
\BOOKMARK [2][-]{subsection.7.1}{\376\377\000P\000u\000r\000p\000o\000s\000e\000\040\000a\000n\000d\000\040\000D\000e\000s\000i\000g\000n\000\040\000P\000h\000i\000l\000o\000s\000o\000p\000h\000y}{section.7}% 39
\BOOKMARK [2][-]{subsection.7.2}{\376\377\000T\000e\000c\000h\000n\000o\000l\000o\000g\000y\000\040\000S\000t\000a\000c\000k}{section.7}% 40
\BOOKMARK [2][-]{subsection.7.3}{\376\377\000I\000n\000p\000u\000t\000\040\000M\000o\000d\000e\000s\000\040\000a\000n\000d\000\040\000U\000s\000e\000r\000\040\000E\000x\000p\000e\000r\000i\000e\000n\000c\000e}{section.7}% 41
\BOOKMARK [3][-]{subsubsection.7.3.1}{\376\377\000M\000o\000d\000e\000\040\0001\000:\000\040\000I\000m\000a\000g\000e\000\040\000U\000p\000l\000o\000a\000d}{subsection.7.3}% 42
\BOOKMARK [3][-]{subsubsection.7.3.2}{\376\377\000M\000o\000d\000e\000\040\0002\000:\000\040\000W\000e\000b\000c\000a\000m\000\040\000S\000n\000a\000p\000s\000h\000o\000t}{subsection.7.3}% 43
\BOOKMARK [3][-]{subsubsection.7.3.3}{\376\377\000M\000o\000d\000e\000\040\0003\000:\000\040\000L\000i\000v\000e\000\040\000V\000i\000d\000e\000o\000\040\000S\000t\000r\000e\000a\000m}{subsection.7.3}% 44
\BOOKMARK [2][-]{subsection.7.4}{\376\377\000P\000e\000r\000f\000o\000r\000m\000a\000n\000c\000e\000\040\000a\000n\000d\000\040\000R\000e\000a\000l\000-\000W\000o\000r\000l\000d\000\040\000D\000e\000p\000l\000o\000y\000m\000e\000n\000t}{section.7}% 45
\BOOKMARK [3][-]{subsubsection.7.4.1}{\376\377\000S\000a\000m\000p\000l\000i\000n\000g\000\040\000E\000f\000f\000i\000c\000i\000e\000n\000c\000y}{subsection.7.4}% 46
\BOOKMARK [3][-]{subsubsection.7.4.2}{\376\377\000D\000e\000p\000l\000o\000y\000m\000e\000n\000t\000\040\000R\000e\000a\000d\000i\000n\000e\000s\000s\000\040\000a\000n\000d\000\040\000C\000o\000m\000m\000e\000r\000c\000i\000a\000l\000\040\000P\000o\000t\000e\000n\000t\000i\000a\000l}{subsection.7.4}% 47
\BOOKMARK [2][-]{subsection.7.5}{\376\377\000U\000s\000e\000r\000\040\000I\000n\000t\000e\000r\000f\000a\000c\000e\000\040\000a\000n\000d\000\040\000D\000e\000m\000o\000n\000s\000t\000r\000a\000t\000i\000o\000n}{section.7}% 48
\BOOKMARK [1][-]{section.8}{\376\377\000E\000x\000p\000e\000r\000i\000m\000e\000n\000t\000a\000l\000\040\000S\000e\000t\000u\000p\000\040\000a\000n\000d\000\040\000T\000r\000a\000i\000n\000i\000n\000g\000\040\000P\000r\000o\000t\000o\000c\000o\000l}{}% 49
\BOOKMARK [2][-]{subsection.8.1}{\376\377\000T\000r\000a\000i\000n\000i\000n\000g\000\040\000C\000o\000n\000f\000i\000g\000u\000r\000a\000t\000i\000o\000n}{section.8}% 50
\BOOKMARK [2][-]{subsection.8.2}{\376\377\000H\000a\000r\000d\000w\000a\000r\000e\000\040\000a\000n\000d\000\040\000S\000o\000f\000t\000w\000a\000r\000e\000\040\000E\000n\000v\000i\000r\000o\000n\000m\000e\000n\000t}{section.8}% 51
\BOOKMARK [1][-]{section.9}{\376\377\000R\000e\000s\000u\000l\000t\000s}{}% 52
\BOOKMARK [2][-]{subsection.9.1}{\376\377\000V\000e\000r\000i\000f\000i\000e\000d\000\040\000C\000u\000r\000r\000e\000n\000t\000\040\000B\000e\000n\000c\000h\000m\000a\000r\000k\000\040\000T\000a\000b\000l\000e}{section.9}% 53
\BOOKMARK [2][-]{subsection.9.2}{\376\377\000C\000o\000m\000p\000a\000r\000a\000t\000i\000v\000e\000\040\000I\000n\000t\000e\000r\000p\000r\000e\000t\000a\000t\000i\000o\000n}{section.9}% 54
\BOOKMARK [2][-]{subsection.9.3}{\376\377\000V\000a\000l\000i\000d\000a\000t\000i\000o\000n\000\040\000S\000e\000t\000\040\000P\000e\000r\000f\000o\000r\000m\000a\000n\000c\000e}{section.9}% 55
\BOOKMARK [1][-]{section.10}{\376\377\000A\000b\000l\000a\000t\000i\000o\000n\000\040\000S\000t\000u\000d\000i\000e\000s\000\040\000a\000n\000d\000\040\000O\000p\000t\000i\000m\000i\000z\000a\000t\000i\000o\000n\000\040\000A\000n\000a\000l\000y\000s\000i\000s}{}% 56
\BOOKMARK [2][-]{subsection.10.1}{\376\377\000E\000x\000p\000e\000r\000i\000m\000e\000n\000t\000a\000l\000\040\000D\000e\000s\000i\000g\000n}{section.10}% 57
\BOOKMARK [2][-]{subsection.10.2}{\376\377\000E\0001\000:\000\040\000D\000a\000t\000a\000\040\000A\000u\000g\000m\000e\000n\000t\000a\000t\000i\000o\000n}{section.10}% 58
\BOOKMARK [3][-]{subsubsection.10.2.1}{\376\377\000C\000o\000n\000f\000i\000g\000u\000r\000a\000t\000i\000o\000n}{subsection.10.2}% 59
\BOOKMARK [3][-]{subsubsection.10.2.2}{\376\377\000R\000e\000s\000u\000l\000t\000s}{subsection.10.2}% 60
\BOOKMARK [2][-]{subsection.10.3}{\376\377\000E\0002\000:\000\040\000D\000r\000o\000p\000o\000u\000t\000\040\000R\000e\000g\000u\000l\000a\000r\000i\000z\000a\000t\000i\000o\000n\000\040\000\050\000p\000=\0000\000.\0005\000\051}{section.10}% 61
\BOOKMARK [3][-]{subsubsection.10.3.1}{\376\377\000C\000o\000n\000f\000i\000g\000u\000r\000a\000t\000i\000o\000n}{subsection.10.3}% 62
\BOOKMARK [3][-]{subsubsection.10.3.2}{\376\377\000R\000e\000s\000u\000l\000t\000s}{subsection.10.3}% 63
\BOOKMARK [2][-]{subsection.10.4}{\376\377\000E\0003\000:\000\040\000W\000e\000i\000g\000h\000t\000\040\000D\000e\000c\000a\000y\000\040\000R\000e\000g\000u\000l\000a\000r\000i\000z\000a\000t\000i\000o\000n}{section.10}% 64
\BOOKMARK [3][-]{subsubsection.10.4.1}{\376\377\000E\0003\000a\000:\000\040\000W\000e\000i\000g\000h\000t\000\040\000D\000e\000c\000a\000y\000\040\000=\000\040\0000\000.\0000\0000\0000\0001}{subsection.10.4}% 65
\BOOKMARK [3][-]{subsubsection.10.4.2}{\376\377\000E\0003\000b\000:\000\040\000W\000e\000i\000g\000h\000t\000\040\000D\000e\000c\000a\000y\000\040\000=\000\040\0000\000.\0000\0000\0001}{subsection.10.4}% 66
\BOOKMARK [3][-]{subsubsection.10.4.3}{\376\377\000A\000n\000a\000l\000y\000s\000i\000s}{subsection.10.4}% 67
\BOOKMARK [2][-]{subsection.10.5}{\376\377\000E\0004\000:\000\040\000L\000e\000a\000r\000n\000i\000n\000g\000\040\000R\000a\000t\000e\000\040\000S\000c\000h\000e\000d\000u\000l\000e\000\040\000\050\000C\000o\000s\000i\000n\000e\000\040\000A\000n\000n\000e\000a\000l\000i\000n\000g\000\051}{section.10}% 68
\BOOKMARK [3][-]{subsubsection.10.5.1}{\376\377\000C\000o\000n\000f\000i\000g\000u\000r\000a\000t\000i\000o\000n}{subsection.10.5}% 69
\BOOKMARK [3][-]{subsubsection.10.5.2}{\376\377\000R\000e\000s\000u\000l\000t\000s}{subsection.10.5}% 70
\BOOKMARK [2][-]{subsection.10.6}{\376\377\000E\0005\000:\000\040\000A\000r\000c\000h\000i\000t\000e\000c\000t\000u\000r\000e\000\040\000C\000o\000m\000p\000a\000r\000i\000s\000o\000n\000\040\000\050\000S\000i\000m\000p\000l\000e\000C\000N\000N\000\040\000v\000s\000\040\000L\000i\000t\000e\000C\000N\000N\000\051}{section.10}% 71
\BOOKMARK [3][-]{subsubsection.10.6.1}{\376\377\000R\000e\000s\000u\000l\000t\000s}{subsection.10.6}% 72
\BOOKMARK [3][-]{subsubsection.10.6.2}{\376\377\000A\000n\000a\000l\000y\000s\000i\000s}{subsection.10.6}% 73
\BOOKMARK [2][-]{subsection.10.7}{\376\377\000A\000b\000l\000a\000t\000i\000o\000n\000\040\000S\000u\000m\000m\000a\000r\000y\000\040\000T\000a\000b\000l\000e}{section.10}% 74
\BOOKMARK [2][-]{subsection.10.8}{\376\377\000K\000e\000y\000\040\000T\000a\000k\000e\000a\000w\000a\000y\000s\000\040\000f\000r\000o\000m\000\040\000A\000b\000l\000a\000t\000i\000o\000n\000\040\000S\000t\000u\000d\000i\000e\000s}{section.10}% 75
\BOOKMARK [2][-]{subsection.10.9}{\376\377\000H\000i\000s\000t\000o\000r\000i\000c\000a\000l\000\040\000C\000o\000n\000t\000e\000x\000t\000\040\000\050\000N\000o\000n\000-\000c\000l\000a\000i\000m\000\040\000S\000u\000p\000p\000o\000r\000t\000\051}{section.10}% 76
\BOOKMARK [1][-]{section.11}{\376\377\000P\000e\000r\000-\000C\000l\000a\000s\000s\000\040\000P\000e\000r\000f\000o\000r\000m\000a\000n\000c\000e\000\040\000A\000n\000a\000l\000y\000s\000i\000s}{}% 77
\BOOKMARK [2][-]{subsection.11.1}{\376\377\000C\000o\000n\000f\000u\000s\000i\000o\000n\000\040\000M\000a\000t\000r\000i\000x\000\040\000I\000n\000t\000e\000r\000p\000r\000e\000t\000a\000t\000i\000o\000n}{section.11}% 78
\BOOKMARK [3][-]{subsubsection.11.1.1}{\376\377\000S\000t\000r\000o\000n\000g\000\040\000P\000e\000r\000f\000o\000r\000m\000a\000n\000c\000e\000\040\000C\000l\000a\000s\000s\000e\000s}{subsection.11.1}% 79
\BOOKMARK [3][-]{subsubsection.11.1.2}{\376\377\000M\000o\000d\000e\000r\000a\000t\000e\000\040\000P\000e\000r\000f\000o\000r\000m\000a\000n\000c\000e\000\040\000C\000l\000a\000s\000s\000e\000s}{subsection.11.1}% 80
\BOOKMARK [3][-]{subsubsection.11.1.3}{\376\377\000C\000h\000a\000l\000l\000e\000n\000g\000i\000n\000g\000\040\000C\000l\000a\000s\000s}{subsection.11.1}% 81
\BOOKMARK [2][-]{subsection.11.2}{\376\377\000C\000o\000m\000m\000o\000n\000\040\000C\000o\000n\000f\000u\000s\000i\000o\000n\000\040\000P\000a\000t\000t\000e\000r\000n\000s}{section.11}% 82
\BOOKMARK [2][-]{subsection.11.3}{\376\377\000F\0001\000-\000S\000c\000o\000r\000e\000\040\000A\000n\000a\000l\000y\000s\000i\000s}{section.11}% 83
\BOOKMARK [2][-]{subsection.11.4}{\376\377\000D\000e\000t\000a\000i\000l\000e\000d\000\040\000C\000o\000n\000f\000u\000s\000i\000o\000n\000\040\000M\000a\000t\000r\000i\000c\000e\000s\000:\000\040\000H\000e\000a\000t\000m\000a\000p\000\040\000A\000n\000a\000l\000y\000s\000i\000s}{section.11}% 84
\BOOKMARK [3][-]{subsubsection.11.4.1}{\376\377\000E\0001\000:\000\040\000D\000a\000t\000a\000\040\000A\000u\000g\000m\000e\000n\000t\000a\000t\000i\000o\000n}{subsection.11.4}% 85
\BOOKMARK [3][-]{subsubsection.11.4.2}{\376\377\000E\0002\000:\000\040\000D\000r\000o\000p\000o\000u\000t\000\040\0000\000.\0005}{subsection.11.4}% 86
\BOOKMARK [3][-]{subsubsection.11.4.3}{\376\377\000E\0003\000a\000:\000\040\000W\000e\000i\000g\000h\000t\000\040\000D\000e\000c\000a\000y\000\040\0000\000.\0000\0000\0000\0001}{subsection.11.4}% 87
\BOOKMARK [3][-]{subsubsection.11.4.4}{\376\377\000E\0003\000b\000:\000\040\000W\000e\000i\000g\000h\000t\000\040\000D\000e\000c\000a\000y\000\040\0000\000.\0000\0000\0001}{subsection.11.4}% 88
\BOOKMARK [3][-]{subsubsection.11.4.5}{\376\377\000E\0004\000:\000\040\000C\000o\000s\000i\000n\000e\000\040\000L\000e\000a\000r\000n\000i\000n\000g\000\040\000R\000a\000t\000e\000\040\000S\000c\000h\000e\000d\000u\000l\000e}{subsection.11.4}% 89
\BOOKMARK [3][-]{subsubsection.11.4.6}{\376\377\000E\0005\000:\000\040\000L\000i\000t\000e\000C\000N\000N\000\040\000A\000r\000c\000h\000i\000t\000e\000c\000t\000u\000r\000e}{subsection.11.4}% 90
\BOOKMARK [1][-]{section.12}{\376\377\000L\000i\000m\000i\000t\000a\000t\000i\000o\000n\000s\000\040\000a\000n\000d\000\040\000C\000h\000a\000l\000l\000e\000n\000g\000e\000s}{}% 91
\BOOKMARK [2][-]{subsection.12.1}{\376\377\000D\000a\000t\000a\000s\000e\000t\000\040\000L\000i\000m\000i\000t\000a\000t\000i\000o\000n\000s}{section.12}% 92
\BOOKMARK [3][-]{subsubsection.12.1.1}{\376\377\000L\000o\000w\000\040\000R\000e\000s\000o\000l\000u\000t\000i\000o\000n\000\040\000a\000n\000d\000\040\000G\000r\000a\000y\000s\000c\000a\000l\000e}{subsection.12.1}% 93
\BOOKMARK [3][-]{subsubsection.12.1.2}{\376\377\000C\000l\000a\000s\000s\000\040\000I\000m\000b\000a\000l\000a\000n\000c\000e}{subsection.12.1}% 94
\BOOKMARK [3][-]{subsubsection.12.1.3}{\376\377\000H\000u\000m\000a\000n\000\040\000B\000a\000s\000e\000l\000i\000n\000e}{subsection.12.1}% 95
\BOOKMARK [2][-]{subsection.12.2}{\376\377\000M\000o\000d\000e\000l\000\040\000L\000i\000m\000i\000t\000a\000t\000i\000o\000n\000s}{section.12}% 96
\BOOKMARK [3][-]{subsubsection.12.2.1}{\376\377\000D\000o\000m\000a\000i\000n\000\040\000S\000p\000e\000c\000i\000f\000i\000c\000i\000t\000y}{subsection.12.2}% 97
\BOOKMARK [3][-]{subsubsection.12.2.2}{\376\377\000T\000e\000m\000p\000o\000r\000a\000l\000\040\000I\000n\000f\000o\000r\000m\000a\000t\000i\000o\000n}{subsection.12.2}% 98
\BOOKMARK [3][-]{subsubsection.12.2.3}{\376\377\000C\000o\000n\000t\000e\000x\000t\000\040\000B\000l\000i\000n\000d\000n\000e\000s\000s}{subsection.12.2}% 99
\BOOKMARK [2][-]{subsection.12.3}{\376\377\000D\000e\000p\000l\000o\000y\000m\000e\000n\000t\000\040\000L\000i\000m\000i\000t\000a\000t\000i\000o\000n\000s}{section.12}% 100
\BOOKMARK [3][-]{subsubsection.12.3.1}{\376\377\000L\000a\000t\000e\000n\000c\000y\000\040\000T\000r\000a\000d\000e\000-\000o\000f\000f\000s}{subsection.12.3}% 101
\BOOKMARK [3][-]{subsubsection.12.3.2}{\376\377\000C\000P\000U\000-\000O\000n\000l\000y\000\040\000C\000o\000n\000s\000t\000r\000a\000i\000n\000t}{subsection.12.3}% 102
\BOOKMARK [1][-]{section.13}{\376\377\000F\000u\000t\000u\000r\000e\000\040\000W\000o\000r\000k\000\040\000a\000n\000d\000\040\000R\000e\000c\000o\000m\000m\000e\000n\000d\000a\000t\000i\000o\000n\000s}{}% 103
\BOOKMARK [2][-]{subsection.13.1}{\376\377\000M\000o\000d\000e\000l\000\040\000A\000r\000c\000h\000i\000t\000e\000c\000t\000u\000r\000e\000\040\000I\000m\000p\000r\000o\000v\000e\000m\000e\000n\000t\000s}{section.13}% 104
\BOOKMARK [3][-]{subsubsection.13.1.1}{\376\377\000A\000t\000t\000e\000n\000t\000i\000o\000n\000\040\000M\000e\000c\000h\000a\000n\000i\000s\000m\000s}{subsection.13.1}% 105
\BOOKMARK [3][-]{subsubsection.13.1.2}{\376\377\000M\000u\000l\000t\000i\000-\000S\000c\000a\000l\000e\000\040\000F\000e\000a\000t\000u\000r\000e\000\040\000F\000u\000s\000i\000o\000n}{subsection.13.1}% 106
\BOOKMARK [3][-]{subsubsection.13.1.3}{\376\377\000K\000n\000o\000w\000l\000e\000d\000g\000e\000\040\000D\000i\000s\000t\000i\000l\000l\000a\000t\000i\000o\000n}{subsection.13.1}% 107
\BOOKMARK [2][-]{subsection.13.2}{\376\377\000D\000a\000t\000a\000\040\000a\000n\000d\000\040\000T\000r\000a\000i\000n\000i\000n\000g\000\040\000I\000m\000p\000r\000o\000v\000e\000m\000e\000n\000t\000s}{section.13}% 108
\BOOKMARK [3][-]{subsubsection.13.2.1}{\376\377\000D\000a\000t\000a\000\040\000A\000u\000g\000m\000e\000n\000t\000a\000t\000i\000o\000n\000\040\000S\000t\000r\000a\000t\000e\000g\000i\000e\000s}{subsection.13.2}% 109
\BOOKMARK [3][-]{subsubsection.13.2.2}{\376\377\000C\000l\000a\000s\000s\000\040\000I\000m\000b\000a\000l\000a\000n\000c\000e\000\040\000M\000i\000t\000i\000g\000a\000t\000i\000o\000n}{subsection.13.2}% 110
\BOOKMARK [3][-]{subsubsection.13.2.3}{\376\377\000T\000r\000a\000i\000n\000i\000n\000g\000\040\000D\000a\000t\000a\000\040\000D\000i\000v\000e\000r\000s\000i\000f\000i\000c\000a\000t\000i\000o\000n}{subsection.13.2}% 111
\BOOKMARK [2][-]{subsection.13.3}{\376\377\000D\000e\000p\000l\000o\000y\000m\000e\000n\000t\000\040\000O\000p\000t\000i\000m\000i\000z\000a\000t\000i\000o\000n\000s}{section.13}% 112
\BOOKMARK [3][-]{subsubsection.13.3.1}{\376\377\000M\000o\000d\000e\000l\000\040\000Q\000u\000a\000n\000t\000i\000z\000a\000t\000i\000o\000n}{subsection.13.3}% 113
\BOOKMARK [3][-]{subsubsection.13.3.2}{\376\377\000M\000o\000b\000i\000l\000e\000\040\000a\000n\000d\000\040\000E\000d\000g\000e\000\040\000D\000e\000p\000l\000o\000y\000m\000e\000n\000t}{subsection.13.3}% 114
\BOOKMARK [3][-]{subsubsection.13.3.3}{\376\377\000T\000e\000m\000p\000o\000r\000a\000l\000\040\000S\000m\000o\000o\000t\000h\000i\000n\000g\000\040\000f\000o\000r\000\040\000V\000i\000d\000e\000o}{subsection.13.3}% 115
\BOOKMARK [2][-]{subsection.13.4}{\376\377\000A\000p\000p\000l\000i\000c\000a\000t\000i\000o\000n\000\040\000E\000n\000h\000a\000n\000c\000e\000m\000e\000n\000t\000s}{section.13}% 116
\BOOKMARK [3][-]{subsubsection.13.4.1}{\376\377\000M\000u\000l\000t\000i\000-\000M\000o\000d\000a\000l\000\040\000E\000m\000o\000t\000i\000o\000n\000\040\000R\000e\000c\000o\000g\000n\000i\000t\000i\000o\000n}{subsection.13.4}% 117
\BOOKMARK [3][-]{subsubsection.13.4.2}{\376\377\000R\000e\000a\000l\000-\000W\000o\000r\000l\000d\000\040\000E\000v\000a\000l\000u\000a\000t\000i\000o\000n}{subsection.13.4}% 118
\BOOKMARK [3][-]{subsubsection.13.4.3}{\376\377\000E\000x\000p\000l\000a\000i\000n\000a\000b\000i\000l\000i\000t\000y\000\040\000a\000n\000d\000\040\000I\000n\000t\000e\000r\000p\000r\000e\000t\000a\000b\000i\000l\000i\000t\000y}{subsection.13.4}% 119
\BOOKMARK [1][-]{section.14}{\376\377\000O\000b\000j\000e\000c\000t\000i\000v\000e\000\040\000A\000c\000h\000i\000e\000v\000e\000m\000e\000n\000t\000\040\000M\000a\000t\000r\000i\000x}{}% 120
\BOOKMARK [1][-]{section.15}{\376\377\000D\000i\000s\000c\000u\000s\000s\000i\000o\000n}{}% 121
\BOOKMARK [2][-]{subsection.15.1}{\376\377\000W\000h\000a\000t\000\040\000W\000a\000s\000\040\000A\000c\000h\000i\000e\000v\000e\000d\000\040\000W\000e\000l\000l}{section.15}% 122
\BOOKMARK [3][-]{subsubsection.15.1.1}{\376\377\000E\000n\000g\000i\000n\000e\000e\000r\000i\000n\000g\000\040\000I\000n\000t\000e\000g\000r\000a\000t\000i\000o\000n\000\040\000Q\000u\000a\000l\000i\000t\000y}{subsection.15.1}% 123
\BOOKMARK [3][-]{subsubsection.15.1.2}{\376\377\000O\000b\000j\000e\000c\000t\000i\000v\000e\000\040\000A\000c\000h\000i\000e\000v\000e\000m\000e\000n\000t}{subsection.15.1}% 124
\BOOKMARK [3][-]{subsubsection.15.1.3}{\376\377\000A\000r\000c\000h\000i\000t\000e\000c\000t\000u\000r\000a\000l\000\040\000I\000n\000n\000o\000v\000a\000t\000i\000o\000n}{subsection.15.1}% 125
\BOOKMARK [3][-]{subsubsection.15.1.4}{\376\377\000A\000b\000l\000a\000t\000i\000o\000n\000\040\000S\000t\000u\000d\000y\000\040\000I\000n\000s\000i\000g\000h\000t\000s}{subsection.15.1}% 126
\BOOKMARK [2][-]{subsection.15.2}{\376\377\000C\000h\000a\000l\000l\000e\000n\000g\000e\000s\000\040\000a\000n\000d\000\040\000L\000e\000s\000s\000o\000n\000s\000\040\000L\000e\000a\000r\000n\000e\000d}{section.15}% 127
\BOOKMARK [3][-]{subsubsection.15.2.1}{\376\377\000D\000a\000t\000a\000s\000e\000t\000\040\000C\000o\000n\000s\000t\000r\000a\000i\000n\000t\000s}{subsection.15.2}% 128
\BOOKMARK [3][-]{subsubsection.15.2.2}{\376\377\000A\000c\000c\000u\000r\000a\000c\000y\000-\000E\000f\000f\000i\000c\000i\000e\000n\000c\000y\000\040\000T\000r\000a\000d\000e\000-\000o\000f\000f}{subsection.15.2}% 129
\BOOKMARK [3][-]{subsubsection.15.2.3}{\376\377\000C\000h\000e\000c\000k\000p\000o\000i\000n\000t\000\040\000R\000e\000p\000r\000o\000d\000u\000c\000i\000b\000i\000l\000i\000t\000y}{subsection.15.2}% 130
\BOOKMARK [2][-]{subsection.15.3}{\376\377\000R\000e\000m\000a\000i\000n\000i\000n\000g\000\040\000S\000c\000i\000e\000n\000t\000i\000f\000i\000c\000\040\000a\000n\000d\000\040\000R\000e\000p\000o\000r\000t\000i\000n\000g\000\040\000G\000a\000p\000s}{section.15}% 131